{"title":null,"mnemonic":"Johnny ?","familyName":"Capone","firstName":"Al","middleName":null,"birthName":"Capone","gender":"M","birthDate":"1908-02-09","birthCity":"Chicago","birthCountryCode":"US","maritalStatus":"Divorced","spokenLanguage":null,"pepMep":null,"otherNationality":null,"identityDocument":[{"identityDocumentNumber":"090808988","identityDocumentType":"PI","issuingCountryCode":"US","identityDocumentIssueDate":"2020-02-02","identityDocumentExpirationDate":"2025-02-02"}]}