{
  "id": "guid_1",
  "firstName": "Jacques",
  "lastName": "Mesrine"
}