SFPersonAccount(super=com.demo.approval.demo.SFPersonAccount@1b718ec, Name=null, LastName=Capone, FirstName=Al, Salutation=null, MiddleName=null, PersonBirthdate=1908-02-09, PEPMEPType__pc=null, FinServ__Gender__pc=M, FinServ__MaritalStatus__pc=Divorced, Mnemonic__c=Johnny ?, EmployeeID__c=null, EmploymentStatus__c=null, MaidenName__pc=Capone, CityOfBirth__pc=Chicago, ContractType__c=null, ContractYear__c=null, CountryOfBirth__pc=US, CurrentEmploymentCountry__pc=null, DeclaredMonthlySalary__c=null, MarketingInformationSendByEmail__c=false, MarketingInfoViaBILNetOnlineBanking__c=false, FinServ__CurrentEmployer__pc=null, FinServ__Occupation__pc=null, FinServ__PrimaryLanguage__pc=null, FinServ__PersonalInterests__c=null, SecondaryCitizenship__pc=null, LegalDocumentExpirationDate1__c=2025-02-02, LegalDocumentIssuingCountry1__c=US, LegalDocumentIssuingDate1__c=2020-02-02, LegalDocumentName1__c=PI, LegalDocumentNumber1__c=090808988, LegalDocumentExpirationDate2__c=null, LegalDocumentIssuingCountry2__c=null, LegalDocumentIssuingDate2__c=null, LegalDocumentName2__c=null, LegalDocumentNumber2__c=null, OtherReasonforUSTaxability__c=null, PresenceofaGreenCard__c=null, FinServ__NumberOfChildren__pc=null, FinancialLinkwithLuxembourg__c=null, PrimaryCitizenship__pc=null, DeathDate__pc=null, NatureOfEmployment__c=null, Minor__c=null, IsGreatRegion__c=null)