[AUTP, INDIVIDUAL_PROSPECT] => AUTP 
[AUTP, LEGAL_PROSPECT] => java.lang.IllegalArgumentException: Invalid Document template type or record type 
[AUTP, ALL] => java.lang.IllegalArgumentException: Invalid Document template type or record type 
[AUTM, INDIVIDUAL_PROSPECT] => java.lang.IllegalArgumentException: Invalid Document template type or record type 
[AUTM, LEGAL_PROSPECT] => AUTM 
[AUTM, ALL] => java.lang.IllegalArgumentException: Invalid Document template type or record type 
[DEERPP, INDIVIDUAL_PROSPECT] => java.lang.IllegalArgumentException: Invalid Document template type or record type 
[DEERPP, LEGAL_PROSPECT] => java.lang.IllegalArgumentException: Invalid Document template type or record type 
[DEERPP, ALL] => java.lang.IllegalArgumentException: Invalid Document template type or record type 
[DEERPM, INDIVIDUAL_PROSPECT] => java.lang.IllegalArgumentException: Invalid Document template type or record type 
[DEERPM, LEGAL_PROSPECT] => java.lang.IllegalArgumentException: Invalid Document template type or record type 
[DEERPM, ALL] => java.lang.IllegalArgumentException: Invalid Document template type or record type 
[SPEC, INDIVIDUAL_PROSPECT] => SPEC 
[SPEC, LEGAL_PROSPECT] => SPEC 
[SPEC, ALL] => SPEC 
[GLPP, INDIVIDUAL_PROSPECT] => GLPP 
[GLPP, LEGAL_PROSPECT] => java.lang.IllegalArgumentException: Invalid Document template type or record type 
[GLPP, ALL] => java.lang.IllegalArgumentException: Invalid Document template type or record type 
[GLPM, INDIVIDUAL_PROSPECT] => java.lang.IllegalArgumentException: Invalid Document template type or record type 
[GLPM, LEGAL_PROSPECT] => GLPM 
[GLPM, ALL] => java.lang.IllegalArgumentException: Invalid Document template type or record type 
